2026-07-30 19:13:07 INFO  i.g.a.t.s.MatchScoreCalculationService - The tie-break is over. Set Winner: ONE
2026-07-30 19:13:07 INFO  i.g.a.t.s.MatchScoreCalculationService - Match ended
2026-07-30 19:13:07 INFO  i.g.a.t.s.MatchScoreCalculationService - Winner - ONE
2026-07-30 19:13:07 INFO  i.g.a.t.r.ActiveMatchRepository - Match with UUID - f68167c0-1d95-4d0c-a598-5415efa6560b removed
2026-07-30 19:13:07 INFO  i.g.a.t.s.MatchScoreCalculationService - The tie-break is over. Set Winner: TWO
2026-07-30 19:13:07 INFO  i.g.a.t.s.MatchScoreCalculationService - Match ended
2026-07-30 19:13:07 INFO  i.g.a.t.s.MatchScoreCalculationService - Winner - TWO
2026-07-30 19:13:07 INFO  i.g.a.t.r.ActiveMatchRepository - Match with UUID - 9d3113ab-11e8-4355-9c40-10043de659f1 removed
2026-07-30 19:13:07 INFO  i.g.a.t.s.MatchScoreCalculationService - Game ended
2026-07-30 19:13:07 INFO  i.g.a.t.s.MatchScoreCalculationService - Game ended
2026-07-30 19:13:07 INFO  i.g.a.t.s.MatchScoreCalculationService - Resetting Opponent's Advantage
2026-07-30 19:13:07 INFO  i.g.a.t.s.MatchScoreCalculationService - Resetting Opponent's Advantage
2026-07-30 19:13:07 INFO  i.g.a.t.s.MatchScoreCalculationService - Game ended
2026-07-30 19:13:07 INFO  i.g.a.t.s.MatchScoreCalculationService - Set Completed
2026-07-30 19:13:07 INFO  i.g.a.t.s.MatchScoreCalculationService - Match ended
2026-07-30 19:13:07 INFO  i.g.a.t.s.MatchScoreCalculationService - Winner - ONE
2026-07-30 19:13:07 INFO  i.g.a.t.r.ActiveMatchRepository - Match with UUID - 56c5bf91-daf2-4867-876e-bc9716667dc8 removed
2026-07-30 19:13:07 INFO  i.g.a.t.s.MatchScoreCalculationService - Game ended
2026-07-30 19:13:07 INFO  i.g.a.t.s.MatchScoreCalculationService - Set Completed
2026-07-30 19:13:07 INFO  i.g.a.t.s.MatchScoreCalculationService - Match ended
2026-07-30 19:13:07 INFO  i.g.a.t.s.MatchScoreCalculationService - Winner - TWO
2026-07-30 19:13:07 INFO  i.g.a.t.r.ActiveMatchRepository - Match with UUID - bc4c16f6-5036-42cc-a7fa-76c91ec74bfa removed
2026-07-30 19:13:07 INFO  i.g.a.t.s.MatchScoreCalculationService - Game ended
2026-07-30 19:13:07 INFO  i.g.a.t.s.MatchScoreCalculationService - Game ended
2026-07-30 19:13:07 INFO  i.g.a.t.s.MatchScoreCalculationService - Game ended
2026-07-30 19:13:07 INFO  i.g.a.t.s.MatchScoreCalculationService - Game ended
2026-07-30 19:13:07 INFO  i.g.a.t.s.MatchScoreCalculationService - Game ended
2026-07-30 19:13:07 INFO  i.g.a.t.s.MatchScoreCalculationService - Game ended
2026-07-30 19:13:07 INFO  i.g.a.t.s.MatchScoreCalculationService - The tie-break is over. Set Winner: ONE
2026-07-30 19:13:07 INFO  i.g.a.t.s.MatchScoreCalculationService - The tie-break is over. Set Winner: TWO
2026-07-30 19:13:07 INFO  i.g.a.t.s.MatchScoreCalculationService - The tie-break is over. Set Winner: ONE
2026-07-30 19:13:07 INFO  i.g.a.t.s.MatchScoreCalculationService - The tie-break is over. Set Winner: TWO
2026-07-30 19:13:07 INFO  i.g.a.t.s.MatchScoreCalculationService - Game ended
2026-07-30 19:13:07 INFO  i.g.a.t.s.MatchScoreCalculationService - Tie-break begins
2026-07-30 19:13:07 INFO  i.g.a.t.s.MatchScoreCalculationService - Game ended
2026-07-30 19:13:07 INFO  i.g.a.t.s.MatchScoreCalculationService - Tie-break begins
2026-07-30 19:13:07 INFO  i.g.a.t.s.MatchScoreCalculationService - Game ended
2026-07-30 19:13:07 INFO  i.g.a.t.s.MatchScoreCalculationService - Set Completed
2026-07-30 19:13:07 INFO  i.g.a.t.s.MatchScoreCalculationService - Match ended
2026-07-30 19:13:07 INFO  i.g.a.t.s.MatchScoreCalculationService - Winner - ONE
2026-07-30 19:13:07 INFO  i.g.a.t.r.ActiveMatchRepository - Match with UUID - 2f5f2297-cf51-43a4-a6de-687fee5b6a7a removed
2026-07-30 19:13:07 INFO  i.g.a.t.s.MatchScoreCalculationService - Game ended
2026-07-30 19:13:07 INFO  i.g.a.t.s.MatchScoreCalculationService - Set Completed
2026-07-30 19:13:07 INFO  i.g.a.t.s.MatchScoreCalculationService - Match ended
2026-07-30 19:13:07 INFO  i.g.a.t.s.MatchScoreCalculationService - Winner - TWO
2026-07-30 19:13:07 INFO  i.g.a.t.r.ActiveMatchRepository - Match with UUID - cd7fbd6a-d640-4aed-8761-d32a329701a5 removed
2026-07-30 19:13:07 INFO  i.g.a.t.s.MatchScoreCalculationService - Game ended
2026-07-30 19:13:07 INFO  i.g.a.t.s.MatchScoreCalculationService - Set Completed
2026-07-30 19:13:07 INFO  i.g.a.t.s.MatchScoreCalculationService - Game ended
2026-07-30 19:13:07 INFO  i.g.a.t.s.MatchScoreCalculationService - Set Completed
2026-07-30 19:13:07 INFO  i.g.a.t.s.MatchScoreCalculationService - Game ended
2026-07-30 19:13:07 INFO  i.g.a.t.s.MatchScoreCalculationService - Game ended
2026-07-30 19:13:07 INFO  i.g.a.t.s.MatchScoreCalculationService - Game ended
2026-07-30 19:13:07 INFO  i.g.a.t.s.MatchScoreCalculationService - Game ended
2026-07-30 19:13:07 INFO  i.g.a.t.s.MatchScoreCalculationService - Set Completed
2026-07-30 19:13:07 INFO  org.hibernate.Version - HHH000412: Hibernate ORM core version 7.0.4.Final
2026-07-30 19:13:07 WARN  o.hibernate.orm.connections.pooling - HHH10001002: Using built-in connection pool (not intended for production use)
2026-07-30 19:13:08 WARN  org.hibernate.orm.deprecation - HHH90000025: H2Dialect does not need to be specified explicitly using 'hibernate.dialect' (remove the property setting and it will be selected by default)
2026-07-30 19:13:08 INFO  o.hibernate.orm.connections.pooling - HHH10001005: Database info:
	Database JDBC URL [jdbc:h2:mem:test_tennis_db;DB_CLOSE_DELAY=-1]
	Database driver: org.h2.Driver
	Database version: 2.4.240
	Autocommit mode: false
	Isolation level: undefined/unknown
	Pool: DriverManagerConnectionProviderImpl
	Minimum pool size: 1
	Maximum pool size: 20
2026-07-30 19:13:08 INFO  o.h.e.t.j.p.i.JtaPlatformInitiator - HHH000489: No JTA platform available (set 'hibernate.transaction.jta.platform' to enable JTA platform integration)
2026-07-30 19:13:08 INFO  o.hibernate.orm.connections.access - HHH10001501: Connection obtained from JdbcConnectionAccess [org.hibernate.engine.jdbc.env.internal.JdbcEnvironmentInitiator$ConnectionProviderJdbcConnectionAccess@1255de25] for (non-JTA) DDL execution was not in auto-commit mode; the Connection 'local transaction' will be committed and the Connection will be set into auto-commit mode.
2026-07-30 19:13:08 INFO  o.hibernate.orm.connections.access - HHH10001501: Connection obtained from JdbcConnectionAccess [org.hibernate.engine.jdbc.env.internal.JdbcEnvironmentInitiator$ConnectionProviderJdbcConnectionAccess@164dea80] for (non-JTA) DDL execution was not in auto-commit mode; the Connection 'local transaction' will be committed and the Connection will be set into auto-commit mode.
2026-07-30 19:13:09 INFO  i.g.a.t.service.PlayerService - Player Иван is saved in the database!
2026-07-30 19:13:09 INFO  i.g.a.t.service.PlayerService - Player Мария is saved in the database!
2026-07-30 19:13:09 INFO  o.hibernate.orm.connections.access - HHH10001501: Connection obtained from JdbcConnectionAccess [org.hibernate.engine.jdbc.env.internal.JdbcEnvironmentInitiator$ConnectionProviderJdbcConnectionAccess@1e18876d] for (non-JTA) DDL execution was not in auto-commit mode; the Connection 'local transaction' will be committed and the Connection will be set into auto-commit mode.
2026-07-30 19:13:09 INFO  i.g.a.t.r.ActiveMatchRepository - Match Sasha - Masha saved
2026-07-30 19:13:09 WARN  o.hibernate.orm.connections.pooling - HHH10001002: Using built-in connection pool (not intended for production use)
2026-07-30 19:13:09 WARN  org.hibernate.orm.deprecation - HHH90000025: H2Dialect does not need to be specified explicitly using 'hibernate.dialect' (remove the property setting and it will be selected by default)
2026-07-30 19:13:09 INFO  o.hibernate.orm.connections.pooling - HHH10001005: Database info:
	Database JDBC URL [jdbc:h2:mem:test_tennis_db;DB_CLOSE_DELAY=-1]
	Database driver: org.h2.Driver
	Database version: 2.4.240
	Autocommit mode: false
	Isolation level: undefined/unknown
	Pool: DriverManagerConnectionProviderImpl
	Minimum pool size: 1
	Maximum pool size: 20
2026-07-30 19:13:09 INFO  o.h.e.t.j.p.i.JtaPlatformInitiator - HHH000489: No JTA platform available (set 'hibernate.transaction.jta.platform' to enable JTA platform integration)
2026-07-30 19:13:09 INFO  o.hibernate.orm.connections.access - HHH10001501: Connection obtained from JdbcConnectionAccess [org.hibernate.engine.jdbc.env.internal.JdbcEnvironmentInitiator$ConnectionProviderJdbcConnectionAccess@7940b729] for (non-JTA) DDL execution was not in auto-commit mode; the Connection 'local transaction' will be committed and the Connection will be set into auto-commit mode.
2026-07-30 19:13:09 INFO  o.hibernate.orm.connections.access - HHH10001501: Connection obtained from JdbcConnectionAccess [org.hibernate.engine.jdbc.env.internal.JdbcEnvironmentInitiator$ConnectionProviderJdbcConnectionAccess@527d1fe1] for (non-JTA) DDL execution was not in auto-commit mode; the Connection 'local transaction' will be committed and the Connection will be set into auto-commit mode.
2026-07-30 19:13:09 INFO  i.g.a.t.service.PlayerService - Player Sasha is saved in the database!
2026-07-30 19:16:53 INFO  i.g.a.t.s.MatchScoreCalculationService - The tie-break is over. Set Winner: ONE
2026-07-30 19:16:53 INFO  i.g.a.t.s.MatchScoreCalculationService - Match ended
2026-07-30 19:16:53 INFO  i.g.a.t.s.MatchScoreCalculationService - Winner - ONE
2026-07-30 19:16:53 INFO  i.g.a.t.r.ActiveMatchRepository - Match with UUID - 54eafef1-5796-4a48-8319-994f898a8028 removed
2026-07-30 19:16:53 INFO  i.g.a.t.s.MatchScoreCalculationService - The tie-break is over. Set Winner: TWO
2026-07-30 19:16:53 INFO  i.g.a.t.s.MatchScoreCalculationService - Match ended
2026-07-30 19:16:53 INFO  i.g.a.t.s.MatchScoreCalculationService - Winner - TWO
2026-07-30 19:16:53 INFO  i.g.a.t.r.ActiveMatchRepository - Match with UUID - e3882312-95ce-4e47-b6a7-d9c2aee86a02 removed
2026-07-30 19:16:53 INFO  i.g.a.t.s.MatchScoreCalculationService - Game ended
2026-07-30 19:16:53 INFO  i.g.a.t.s.MatchScoreCalculationService - Game ended
2026-07-30 19:16:53 INFO  i.g.a.t.s.MatchScoreCalculationService - Resetting Opponent's Advantage
2026-07-30 19:16:53 INFO  i.g.a.t.s.MatchScoreCalculationService - Resetting Opponent's Advantage
2026-07-30 19:16:53 INFO  i.g.a.t.s.MatchScoreCalculationService - Game ended
2026-07-30 19:16:53 INFO  i.g.a.t.s.MatchScoreCalculationService - Set Completed
2026-07-30 19:16:53 INFO  i.g.a.t.s.MatchScoreCalculationService - Match ended
2026-07-30 19:16:53 INFO  i.g.a.t.s.MatchScoreCalculationService - Winner - ONE
2026-07-30 19:16:53 INFO  i.g.a.t.r.ActiveMatchRepository - Match with UUID - 9c2a0067-368d-4be6-81fb-07f3b4985801 removed
2026-07-30 19:16:53 INFO  i.g.a.t.s.MatchScoreCalculationService - Game ended
2026-07-30 19:16:53 INFO  i.g.a.t.s.MatchScoreCalculationService - Set Completed
2026-07-30 19:16:53 INFO  i.g.a.t.s.MatchScoreCalculationService - Match ended
2026-07-30 19:16:53 INFO  i.g.a.t.s.MatchScoreCalculationService - Winner - TWO
2026-07-30 19:16:53 INFO  i.g.a.t.r.ActiveMatchRepository - Match with UUID - a2cd387f-0ee4-4a2d-aea6-a92062554cdd removed
2026-07-30 19:16:53 INFO  i.g.a.t.s.MatchScoreCalculationService - Game ended
2026-07-30 19:16:53 INFO  i.g.a.t.s.MatchScoreCalculationService - Game ended
2026-07-30 19:16:53 INFO  i.g.a.t.s.MatchScoreCalculationService - Game ended
2026-07-30 19:16:53 INFO  i.g.a.t.s.MatchScoreCalculationService - Game ended
2026-07-30 19:16:53 INFO  i.g.a.t.s.MatchScoreCalculationService - Game ended
2026-07-30 19:16:53 INFO  i.g.a.t.s.MatchScoreCalculationService - Game ended
2026-07-30 19:16:53 INFO  i.g.a.t.s.MatchScoreCalculationService - The tie-break is over. Set Winner: ONE
2026-07-30 19:16:53 INFO  i.g.a.t.s.MatchScoreCalculationService - The tie-break is over. Set Winner: TWO
2026-07-30 19:16:53 INFO  i.g.a.t.s.MatchScoreCalculationService - The tie-break is over. Set Winner: ONE
2026-07-30 19:16:53 INFO  i.g.a.t.s.MatchScoreCalculationService - The tie-break is over. Set Winner: TWO
2026-07-30 19:16:53 INFO  i.g.a.t.s.MatchScoreCalculationService - Game ended
2026-07-30 19:16:53 INFO  i.g.a.t.s.MatchScoreCalculationService - Tie-break begins
2026-07-30 19:16:53 INFO  i.g.a.t.s.MatchScoreCalculationService - Game ended
2026-07-30 19:16:53 INFO  i.g.a.t.s.MatchScoreCalculationService - Tie-break begins
2026-07-30 19:16:53 INFO  i.g.a.t.s.MatchScoreCalculationService - Game ended
2026-07-30 19:16:53 INFO  i.g.a.t.s.MatchScoreCalculationService - Set Completed
2026-07-30 19:16:53 INFO  i.g.a.t.s.MatchScoreCalculationService - Match ended
2026-07-30 19:16:53 INFO  i.g.a.t.s.MatchScoreCalculationService - Winner - ONE
2026-07-30 19:16:53 INFO  i.g.a.t.r.ActiveMatchRepository - Match with UUID - 09af05e2-52c3-4fa8-b940-86711c45b24c removed
2026-07-30 19:16:53 INFO  i.g.a.t.s.MatchScoreCalculationService - Game ended
2026-07-30 19:16:53 INFO  i.g.a.t.s.MatchScoreCalculationService - Set Completed
2026-07-30 19:16:53 INFO  i.g.a.t.s.MatchScoreCalculationService - Match ended
2026-07-30 19:16:53 INFO  i.g.a.t.s.MatchScoreCalculationService - Winner - TWO
2026-07-30 19:16:53 INFO  i.g.a.t.r.ActiveMatchRepository - Match with UUID - 067a188b-ccb3-4132-b91f-2273bb97f90f removed
2026-07-30 19:16:53 INFO  i.g.a.t.s.MatchScoreCalculationService - Game ended
2026-07-30 19:16:53 INFO  i.g.a.t.s.MatchScoreCalculationService - Set Completed
2026-07-30 19:16:53 INFO  i.g.a.t.s.MatchScoreCalculationService - Game ended
2026-07-30 19:16:53 INFO  i.g.a.t.s.MatchScoreCalculationService - Set Completed
2026-07-30 19:16:53 INFO  i.g.a.t.s.MatchScoreCalculationService - Game ended
2026-07-30 19:16:53 INFO  i.g.a.t.s.MatchScoreCalculationService - Game ended
2026-07-30 19:16:53 INFO  i.g.a.t.s.MatchScoreCalculationService - Game ended
2026-07-30 19:16:53 INFO  i.g.a.t.s.MatchScoreCalculationService - Game ended
2026-07-30 19:16:53 INFO  i.g.a.t.s.MatchScoreCalculationService - Set Completed
2026-07-30 19:16:54 INFO  org.hibernate.Version - HHH000412: Hibernate ORM core version 7.0.4.Final
2026-07-30 19:16:54 WARN  o.hibernate.orm.connections.pooling - HHH10001002: Using built-in connection pool (not intended for production use)
2026-07-30 19:16:54 WARN  org.hibernate.orm.deprecation - HHH90000025: H2Dialect does not need to be specified explicitly using 'hibernate.dialect' (remove the property setting and it will be selected by default)
2026-07-30 19:16:54 INFO  o.hibernate.orm.connections.pooling - HHH10001005: Database info:
	Database JDBC URL [jdbc:h2:mem:test_tennis_db;DB_CLOSE_DELAY=-1]
	Database driver: org.h2.Driver
	Database version: 2.4.240
	Autocommit mode: false
	Isolation level: undefined/unknown
	Pool: DriverManagerConnectionProviderImpl
	Minimum pool size: 1
	Maximum pool size: 20
2026-07-30 19:16:54 INFO  o.h.e.t.j.p.i.JtaPlatformInitiator - HHH000489: No JTA platform available (set 'hibernate.transaction.jta.platform' to enable JTA platform integration)
2026-07-30 19:16:54 INFO  o.hibernate.orm.connections.access - HHH10001501: Connection obtained from JdbcConnectionAccess [org.hibernate.engine.jdbc.env.internal.JdbcEnvironmentInitiator$ConnectionProviderJdbcConnectionAccess@6ad112de] for (non-JTA) DDL execution was not in auto-commit mode; the Connection 'local transaction' will be committed and the Connection will be set into auto-commit mode.
2026-07-30 19:16:54 INFO  o.hibernate.orm.connections.access - HHH10001501: Connection obtained from JdbcConnectionAccess [org.hibernate.engine.jdbc.env.internal.JdbcEnvironmentInitiator$ConnectionProviderJdbcConnectionAccess@4bff28e7] for (non-JTA) DDL execution was not in auto-commit mode; the Connection 'local transaction' will be committed and the Connection will be set into auto-commit mode.
2026-07-30 19:16:55 INFO  i.g.a.t.service.PlayerService - Player Иван is saved in the database!
2026-07-30 19:16:55 INFO  i.g.a.t.service.PlayerService - Player Мария is saved in the database!
2026-07-30 19:16:55 INFO  o.hibernate.orm.connections.access - HHH10001501: Connection obtained from JdbcConnectionAccess [org.hibernate.engine.jdbc.env.internal.JdbcEnvironmentInitiator$ConnectionProviderJdbcConnectionAccess@411ae0d7] for (non-JTA) DDL execution was not in auto-commit mode; the Connection 'local transaction' will be committed and the Connection will be set into auto-commit mode.
2026-07-30 19:16:55 INFO  i.g.a.t.r.ActiveMatchRepository - Match Sasha - Masha saved
2026-07-30 19:16:55 WARN  o.hibernate.orm.connections.pooling - HHH10001002: Using built-in connection pool (not intended for production use)
2026-07-30 19:16:55 WARN  org.hibernate.orm.deprecation - HHH90000025: H2Dialect does not need to be specified explicitly using 'hibernate.dialect' (remove the property setting and it will be selected by default)
2026-07-30 19:16:55 INFO  o.hibernate.orm.connections.pooling - HHH10001005: Database info:
	Database JDBC URL [jdbc:h2:mem:test_tennis_db;DB_CLOSE_DELAY=-1]
	Database driver: org.h2.Driver
	Database version: 2.4.240
	Autocommit mode: false
	Isolation level: undefined/unknown
	Pool: DriverManagerConnectionProviderImpl
	Minimum pool size: 1
	Maximum pool size: 20
2026-07-30 19:16:55 INFO  o.h.e.t.j.p.i.JtaPlatformInitiator - HHH000489: No JTA platform available (set 'hibernate.transaction.jta.platform' to enable JTA platform integration)
2026-07-30 19:16:55 INFO  o.hibernate.orm.connections.access - HHH10001501: Connection obtained from JdbcConnectionAccess [org.hibernate.engine.jdbc.env.internal.JdbcEnvironmentInitiator$ConnectionProviderJdbcConnectionAccess@43cf97a8] for (non-JTA) DDL execution was not in auto-commit mode; the Connection 'local transaction' will be committed and the Connection will be set into auto-commit mode.
2026-07-30 19:16:55 INFO  o.hibernate.orm.connections.access - HHH10001501: Connection obtained from JdbcConnectionAccess [org.hibernate.engine.jdbc.env.internal.JdbcEnvironmentInitiator$ConnectionProviderJdbcConnectionAccess@5c1ea00] for (non-JTA) DDL execution was not in auto-commit mode; the Connection 'local transaction' will be committed and the Connection will be set into auto-commit mode.
2026-07-30 19:16:55 INFO  i.g.a.t.service.PlayerService - Player Sasha is saved in the database!
2026-07-30 19:43:32 INFO  i.g.a.t.s.MatchScoreCalculationService - The tie-break is over. Set Winner: ONE
2026-07-30 19:43:32 INFO  i.g.a.t.s.MatchScoreCalculationService - Match ended
2026-07-30 19:43:32 INFO  i.g.a.t.s.MatchScoreCalculationService - Winner - ONE
2026-07-30 19:43:32 INFO  i.g.a.t.r.ActiveMatchRepository - Match with UUID - 051e13dc-c438-483b-a092-aea3d930dc34 removed
2026-07-30 19:43:32 INFO  i.g.a.t.s.MatchScoreCalculationService - The tie-break is over. Set Winner: TWO
2026-07-30 19:43:32 INFO  i.g.a.t.s.MatchScoreCalculationService - Match ended
2026-07-30 19:43:32 INFO  i.g.a.t.s.MatchScoreCalculationService - Winner - TWO
2026-07-30 19:43:32 INFO  i.g.a.t.r.ActiveMatchRepository - Match with UUID - d82b6ca7-e6aa-4df0-afba-122f496ccede removed
2026-07-30 19:43:32 INFO  i.g.a.t.s.MatchScoreCalculationService - Game ended
2026-07-30 19:43:32 INFO  i.g.a.t.s.MatchScoreCalculationService - Game ended
2026-07-30 19:43:32 INFO  i.g.a.t.s.MatchScoreCalculationService - Resetting Opponent's Advantage
2026-07-30 19:43:32 INFO  i.g.a.t.s.MatchScoreCalculationService - Resetting Opponent's Advantage
2026-07-30 19:43:32 INFO  i.g.a.t.s.MatchScoreCalculationService - Game ended
2026-07-30 19:43:32 INFO  i.g.a.t.s.MatchScoreCalculationService - Set Completed
2026-07-30 19:43:32 INFO  i.g.a.t.s.MatchScoreCalculationService - Match ended
2026-07-30 19:43:32 INFO  i.g.a.t.s.MatchScoreCalculationService - Winner - ONE
2026-07-30 19:43:32 INFO  i.g.a.t.r.ActiveMatchRepository - Match with UUID - dfc00393-9bce-411a-b1d9-8ed2fd8ab395 removed
2026-07-30 19:43:32 INFO  i.g.a.t.s.MatchScoreCalculationService - Game ended
2026-07-30 19:43:32 INFO  i.g.a.t.s.MatchScoreCalculationService - Set Completed
2026-07-30 19:43:32 INFO  i.g.a.t.s.MatchScoreCalculationService - Match ended
2026-07-30 19:43:32 INFO  i.g.a.t.s.MatchScoreCalculationService - Winner - TWO
2026-07-30 19:43:32 INFO  i.g.a.t.r.ActiveMatchRepository - Match with UUID - 60868543-c128-4629-9470-68e19c4d70c6 removed
2026-07-30 19:43:32 INFO  i.g.a.t.s.MatchScoreCalculationService - Game ended
2026-07-30 19:43:32 INFO  i.g.a.t.s.MatchScoreCalculationService - Game ended
2026-07-30 19:43:32 INFO  i.g.a.t.s.MatchScoreCalculationService - Game ended
2026-07-30 19:43:32 INFO  i.g.a.t.s.MatchScoreCalculationService - Game ended
2026-07-30 19:43:32 INFO  i.g.a.t.s.MatchScoreCalculationService - Game ended
2026-07-30 19:43:32 INFO  i.g.a.t.s.MatchScoreCalculationService - Game ended
2026-07-30 19:43:32 INFO  i.g.a.t.s.MatchScoreCalculationService - The tie-break is over. Set Winner: ONE
2026-07-30 19:43:32 INFO  i.g.a.t.s.MatchScoreCalculationService - The tie-break is over. Set Winner: TWO
2026-07-30 19:43:32 INFO  i.g.a.t.s.MatchScoreCalculationService - The tie-break is over. Set Winner: ONE
2026-07-30 19:43:32 INFO  i.g.a.t.s.MatchScoreCalculationService - The tie-break is over. Set Winner: TWO
2026-07-30 19:43:32 INFO  i.g.a.t.s.MatchScoreCalculationService - Game ended
2026-07-30 19:43:32 INFO  i.g.a.t.s.MatchScoreCalculationService - Tie-break begins
2026-07-30 19:43:32 INFO  i.g.a.t.s.MatchScoreCalculationService - Game ended
2026-07-30 19:43:32 INFO  i.g.a.t.s.MatchScoreCalculationService - Tie-break begins
2026-07-30 19:43:32 INFO  i.g.a.t.s.MatchScoreCalculationService - Game ended
2026-07-30 19:43:32 INFO  i.g.a.t.s.MatchScoreCalculationService - Set Completed
2026-07-30 19:43:32 INFO  i.g.a.t.s.MatchScoreCalculationService - Match ended
2026-07-30 19:43:32 INFO  i.g.a.t.s.MatchScoreCalculationService - Winner - ONE
2026-07-30 19:43:32 INFO  i.g.a.t.r.ActiveMatchRepository - Match with UUID - 89d36f6a-e0fb-477f-aca1-5c66e566eccf removed
2026-07-30 19:43:32 INFO  i.g.a.t.s.MatchScoreCalculationService - Game ended
2026-07-30 19:43:32 INFO  i.g.a.t.s.MatchScoreCalculationService - Set Completed
2026-07-30 19:43:32 INFO  i.g.a.t.s.MatchScoreCalculationService - Match ended
2026-07-30 19:43:32 INFO  i.g.a.t.s.MatchScoreCalculationService - Winner - TWO
2026-07-30 19:43:32 INFO  i.g.a.t.r.ActiveMatchRepository - Match with UUID - 9c1b1174-0180-4bae-a150-11248e4d002c removed
2026-07-30 19:43:32 INFO  i.g.a.t.s.MatchScoreCalculationService - Game ended
2026-07-30 19:43:32 INFO  i.g.a.t.s.MatchScoreCalculationService - Set Completed
2026-07-30 19:43:32 INFO  i.g.a.t.s.MatchScoreCalculationService - Game ended
2026-07-30 19:43:32 INFO  i.g.a.t.s.MatchScoreCalculationService - Set Completed
2026-07-30 19:43:32 INFO  i.g.a.t.s.MatchScoreCalculationService - Game ended
2026-07-30 19:43:32 INFO  i.g.a.t.s.MatchScoreCalculationService - Game ended
2026-07-30 19:43:32 INFO  i.g.a.t.s.MatchScoreCalculationService - Game ended
2026-07-30 19:43:32 INFO  i.g.a.t.s.MatchScoreCalculationService - Game ended
2026-07-30 19:43:32 INFO  i.g.a.t.s.MatchScoreCalculationService - Set Completed
2026-07-30 19:43:32 INFO  org.hibernate.Version - HHH000412: Hibernate ORM core version 7.0.4.Final
2026-07-30 19:43:32 WARN  o.hibernate.orm.connections.pooling - HHH10001002: Using built-in connection pool (not intended for production use)
2026-07-30 19:43:33 WARN  org.hibernate.orm.deprecation - HHH90000025: H2Dialect does not need to be specified explicitly using 'hibernate.dialect' (remove the property setting and it will be selected by default)
2026-07-30 19:43:33 INFO  o.hibernate.orm.connections.pooling - HHH10001005: Database info:
	Database JDBC URL [jdbc:h2:mem:test_tennis_db;DB_CLOSE_DELAY=-1]
	Database driver: org.h2.Driver
	Database version: 2.4.240
	Autocommit mode: false
	Isolation level: undefined/unknown
	Pool: DriverManagerConnectionProviderImpl
	Minimum pool size: 1
	Maximum pool size: 20
2026-07-30 19:43:33 INFO  o.h.e.t.j.p.i.JtaPlatformInitiator - HHH000489: No JTA platform available (set 'hibernate.transaction.jta.platform' to enable JTA platform integration)
2026-07-30 19:43:33 INFO  o.hibernate.orm.connections.access - HHH10001501: Connection obtained from JdbcConnectionAccess [org.hibernate.engine.jdbc.env.internal.JdbcEnvironmentInitiator$ConnectionProviderJdbcConnectionAccess@4d8f2cfd] for (non-JTA) DDL execution was not in auto-commit mode; the Connection 'local transaction' will be committed and the Connection will be set into auto-commit mode.
2026-07-30 19:43:33 INFO  o.hibernate.orm.connections.access - HHH10001501: Connection obtained from JdbcConnectionAccess [org.hibernate.engine.jdbc.env.internal.JdbcEnvironmentInitiator$ConnectionProviderJdbcConnectionAccess@67f8f5a6] for (non-JTA) DDL execution was not in auto-commit mode; the Connection 'local transaction' will be committed and the Connection will be set into auto-commit mode.
2026-07-30 19:43:33 INFO  o.hibernate.orm.connections.access - HHH10001501: Connection obtained from JdbcConnectionAccess [org.hibernate.engine.jdbc.env.internal.JdbcEnvironmentInitiator$ConnectionProviderJdbcConnectionAccess@50f05307] for (non-JTA) DDL execution was not in auto-commit mode; the Connection 'local transaction' will be committed and the Connection will be set into auto-commit mode.
2026-07-30 19:43:33 INFO  i.g.a.t.r.ActiveMatchRepository - Match Sasha - Masha saved
2026-07-30 19:43:34 WARN  o.hibernate.orm.connections.pooling - HHH10001002: Using built-in connection pool (not intended for production use)
2026-07-30 19:43:34 WARN  org.hibernate.orm.deprecation - HHH90000025: H2Dialect does not need to be specified explicitly using 'hibernate.dialect' (remove the property setting and it will be selected by default)
2026-07-30 19:43:34 INFO  o.hibernate.orm.connections.pooling - HHH10001005: Database info:
	Database JDBC URL [jdbc:h2:mem:test_tennis_db;DB_CLOSE_DELAY=-1]
	Database driver: org.h2.Driver
	Database version: 2.4.240
	Autocommit mode: false
	Isolation level: undefined/unknown
	Pool: DriverManagerConnectionProviderImpl
	Minimum pool size: 1
	Maximum pool size: 20
2026-07-30 19:43:34 INFO  o.h.e.t.j.p.i.JtaPlatformInitiator - HHH000489: No JTA platform available (set 'hibernate.transaction.jta.platform' to enable JTA platform integration)
2026-07-30 19:43:34 INFO  o.hibernate.orm.connections.access - HHH10001501: Connection obtained from JdbcConnectionAccess [org.hibernate.engine.jdbc.env.internal.JdbcEnvironmentInitiator$ConnectionProviderJdbcConnectionAccess@69fd99c1] for (non-JTA) DDL execution was not in auto-commit mode; the Connection 'local transaction' will be committed and the Connection will be set into auto-commit mode.
2026-07-30 19:43:34 INFO  o.hibernate.orm.connections.access - HHH10001501: Connection obtained from JdbcConnectionAccess [org.hibernate.engine.jdbc.env.internal.JdbcEnvironmentInitiator$ConnectionProviderJdbcConnectionAccess@32d8710a] for (non-JTA) DDL execution was not in auto-commit mode; the Connection 'local transaction' will be committed and the Connection will be set into auto-commit mode.
2026-07-30 19:44:52 INFO  i.g.a.t.s.MatchScoreCalculationService - The tie-break is over. Set Winner: ONE
2026-07-30 19:44:52 INFO  i.g.a.t.s.MatchScoreCalculationService - Match ended
2026-07-30 19:44:52 INFO  i.g.a.t.s.MatchScoreCalculationService - Winner - ONE
2026-07-30 19:44:52 INFO  i.g.a.t.r.ActiveMatchRepository - Match with UUID - 74ba94a5-9cc9-45ea-b6d8-98aaafa35335 removed
2026-07-30 19:44:52 INFO  i.g.a.t.s.MatchScoreCalculationService - The tie-break is over. Set Winner: TWO
2026-07-30 19:44:52 INFO  i.g.a.t.s.MatchScoreCalculationService - Match ended
2026-07-30 19:44:52 INFO  i.g.a.t.s.MatchScoreCalculationService - Winner - TWO
2026-07-30 19:44:52 INFO  i.g.a.t.r.ActiveMatchRepository - Match with UUID - af473c5f-4cd1-4d4a-bdb2-e41e8ce79f3b removed
2026-07-30 19:44:52 INFO  i.g.a.t.s.MatchScoreCalculationService - Game ended
2026-07-30 19:44:52 INFO  i.g.a.t.s.MatchScoreCalculationService - Game ended
2026-07-30 19:44:52 INFO  i.g.a.t.s.MatchScoreCalculationService - Resetting Opponent's Advantage
2026-07-30 19:44:52 INFO  i.g.a.t.s.MatchScoreCalculationService - Resetting Opponent's Advantage
2026-07-30 19:44:52 INFO  i.g.a.t.s.MatchScoreCalculationService - Game ended
2026-07-30 19:44:52 INFO  i.g.a.t.s.MatchScoreCalculationService - Set Completed
2026-07-30 19:44:52 INFO  i.g.a.t.s.MatchScoreCalculationService - Match ended
2026-07-30 19:44:52 INFO  i.g.a.t.s.MatchScoreCalculationService - Winner - ONE
2026-07-30 19:44:52 INFO  i.g.a.t.r.ActiveMatchRepository - Match with UUID - 6fb3df8d-6a35-42a3-9c87-e321bf2ec130 removed
2026-07-30 19:44:52 INFO  i.g.a.t.s.MatchScoreCalculationService - Game ended
2026-07-30 19:44:52 INFO  i.g.a.t.s.MatchScoreCalculationService - Set Completed
2026-07-30 19:44:52 INFO  i.g.a.t.s.MatchScoreCalculationService - Match ended
2026-07-30 19:44:52 INFO  i.g.a.t.s.MatchScoreCalculationService - Winner - TWO
2026-07-30 19:44:52 INFO  i.g.a.t.r.ActiveMatchRepository - Match with UUID - 9d56d898-0245-48f3-b8f8-4b555fff99ae removed
2026-07-30 19:44:52 INFO  i.g.a.t.s.MatchScoreCalculationService - Game ended
2026-07-30 19:44:52 INFO  i.g.a.t.s.MatchScoreCalculationService - Game ended
2026-07-30 19:44:52 INFO  i.g.a.t.s.MatchScoreCalculationService - Game ended
2026-07-30 19:44:52 INFO  i.g.a.t.s.MatchScoreCalculationService - Game ended
2026-07-30 19:44:52 INFO  i.g.a.t.s.MatchScoreCalculationService - Game ended
2026-07-30 19:44:52 INFO  i.g.a.t.s.MatchScoreCalculationService - Game ended
2026-07-30 19:44:52 INFO  i.g.a.t.s.MatchScoreCalculationService - The tie-break is over. Set Winner: ONE
2026-07-30 19:44:52 INFO  i.g.a.t.s.MatchScoreCalculationService - The tie-break is over. Set Winner: TWO
2026-07-30 19:44:52 INFO  i.g.a.t.s.MatchScoreCalculationService - The tie-break is over. Set Winner: ONE
2026-07-30 19:44:52 INFO  i.g.a.t.s.MatchScoreCalculationService - The tie-break is over. Set Winner: TWO
2026-07-30 19:44:52 INFO  i.g.a.t.s.MatchScoreCalculationService - Game ended
2026-07-30 19:44:52 INFO  i.g.a.t.s.MatchScoreCalculationService - Tie-break begins
2026-07-30 19:44:52 INFO  i.g.a.t.s.MatchScoreCalculationService - Game ended
2026-07-30 19:44:52 INFO  i.g.a.t.s.MatchScoreCalculationService - Tie-break begins
2026-07-30 19:44:52 INFO  i.g.a.t.s.MatchScoreCalculationService - Game ended
2026-07-30 19:44:52 INFO  i.g.a.t.s.MatchScoreCalculationService - Set Completed
2026-07-30 19:44:52 INFO  i.g.a.t.s.MatchScoreCalculationService - Match ended
2026-07-30 19:44:52 INFO  i.g.a.t.s.MatchScoreCalculationService - Winner - ONE
2026-07-30 19:44:52 INFO  i.g.a.t.r.ActiveMatchRepository - Match with UUID - 13c45855-6f5b-4630-8177-cee436a9a98c removed
2026-07-30 19:44:52 INFO  i.g.a.t.s.MatchScoreCalculationService - Game ended
2026-07-30 19:44:52 INFO  i.g.a.t.s.MatchScoreCalculationService - Set Completed
2026-07-30 19:44:52 INFO  i.g.a.t.s.MatchScoreCalculationService - Match ended
2026-07-30 19:44:52 INFO  i.g.a.t.s.MatchScoreCalculationService - Winner - TWO
2026-07-30 19:44:52 INFO  i.g.a.t.r.ActiveMatchRepository - Match with UUID - a5441607-1f7c-4d5c-ac55-351c12767362 removed
2026-07-30 19:44:52 INFO  i.g.a.t.s.MatchScoreCalculationService - Game ended
2026-07-30 19:44:52 INFO  i.g.a.t.s.MatchScoreCalculationService - Set Completed
2026-07-30 19:44:52 INFO  i.g.a.t.s.MatchScoreCalculationService - Game ended
2026-07-30 19:44:52 INFO  i.g.a.t.s.MatchScoreCalculationService - Set Completed
2026-07-30 19:44:52 INFO  i.g.a.t.s.MatchScoreCalculationService - Game ended
2026-07-30 19:44:52 INFO  i.g.a.t.s.MatchScoreCalculationService - Game ended
2026-07-30 19:44:52 INFO  i.g.a.t.s.MatchScoreCalculationService - Game ended
2026-07-30 19:44:52 INFO  i.g.a.t.s.MatchScoreCalculationService - Game ended
2026-07-30 19:44:52 INFO  i.g.a.t.s.MatchScoreCalculationService - Set Completed
2026-07-30 19:44:52 INFO  org.hibernate.Version - HHH000412: Hibernate ORM core version 7.0.4.Final
2026-07-30 19:44:52 WARN  o.hibernate.orm.connections.pooling - HHH10001002: Using built-in connection pool (not intended for production use)
2026-07-30 19:44:52 WARN  org.hibernate.orm.deprecation - HHH90000025: H2Dialect does not need to be specified explicitly using 'hibernate.dialect' (remove the property setting and it will be selected by default)
2026-07-30 19:44:52 INFO  o.hibernate.orm.connections.pooling - HHH10001005: Database info:
	Database JDBC URL [jdbc:h2:mem:test_tennis_db;DB_CLOSE_DELAY=-1]
	Database driver: org.h2.Driver
	Database version: 2.4.240
	Autocommit mode: false
	Isolation level: undefined/unknown
	Pool: DriverManagerConnectionProviderImpl
	Minimum pool size: 1
	Maximum pool size: 20
2026-07-30 19:44:53 INFO  o.h.e.t.j.p.i.JtaPlatformInitiator - HHH000489: No JTA platform available (set 'hibernate.transaction.jta.platform' to enable JTA platform integration)
2026-07-30 19:44:53 INFO  o.hibernate.orm.connections.access - HHH10001501: Connection obtained from JdbcConnectionAccess [org.hibernate.engine.jdbc.env.internal.JdbcEnvironmentInitiator$ConnectionProviderJdbcConnectionAccess@773f3360] for (non-JTA) DDL execution was not in auto-commit mode; the Connection 'local transaction' will be committed and the Connection will be set into auto-commit mode.
2026-07-30 19:44:53 INFO  o.hibernate.orm.connections.access - HHH10001501: Connection obtained from JdbcConnectionAccess [org.hibernate.engine.jdbc.env.internal.JdbcEnvironmentInitiator$ConnectionProviderJdbcConnectionAccess@445b85d7] for (non-JTA) DDL execution was not in auto-commit mode; the Connection 'local transaction' will be committed and the Connection will be set into auto-commit mode.
2026-07-30 19:44:53 INFO  o.hibernate.orm.connections.access - HHH10001501: Connection obtained from JdbcConnectionAccess [org.hibernate.engine.jdbc.env.internal.JdbcEnvironmentInitiator$ConnectionProviderJdbcConnectionAccess@3b2c8bda] for (non-JTA) DDL execution was not in auto-commit mode; the Connection 'local transaction' will be committed and the Connection will be set into auto-commit mode.
2026-07-30 19:44:53 INFO  i.g.a.t.r.ActiveMatchRepository - Match Sasha - Masha saved
2026-07-30 19:44:53 WARN  o.hibernate.orm.connections.pooling - HHH10001002: Using built-in connection pool (not intended for production use)
2026-07-30 19:44:53 WARN  org.hibernate.orm.deprecation - HHH90000025: H2Dialect does not need to be specified explicitly using 'hibernate.dialect' (remove the property setting and it will be selected by default)
2026-07-30 19:44:53 INFO  o.hibernate.orm.connections.pooling - HHH10001005: Database info:
	Database JDBC URL [jdbc:h2:mem:test_tennis_db;DB_CLOSE_DELAY=-1]
	Database driver: org.h2.Driver
	Database version: 2.4.240
	Autocommit mode: false
	Isolation level: undefined/unknown
	Pool: DriverManagerConnectionProviderImpl
	Minimum pool size: 1
	Maximum pool size: 20
2026-07-30 19:44:53 INFO  o.h.e.t.j.p.i.JtaPlatformInitiator - HHH000489: No JTA platform available (set 'hibernate.transaction.jta.platform' to enable JTA platform integration)
2026-07-30 19:44:53 INFO  o.hibernate.orm.connections.access - HHH10001501: Connection obtained from JdbcConnectionAccess [org.hibernate.engine.jdbc.env.internal.JdbcEnvironmentInitiator$ConnectionProviderJdbcConnectionAccess@7c5d36c3] for (non-JTA) DDL execution was not in auto-commit mode; the Connection 'local transaction' will be committed and the Connection will be set into auto-commit mode.
2026-07-30 19:44:53 INFO  o.hibernate.orm.connections.access - HHH10001501: Connection obtained from JdbcConnectionAccess [org.hibernate.engine.jdbc.env.internal.JdbcEnvironmentInitiator$ConnectionProviderJdbcConnectionAccess@31de27c] for (non-JTA) DDL execution was not in auto-commit mode; the Connection 'local transaction' will be committed and the Connection will be set into auto-commit mode.
2026-07-30 19:45:54 INFO  i.g.a.t.s.MatchScoreCalculationService - The tie-break is over. Set Winner: ONE
2026-07-30 19:45:54 INFO  i.g.a.t.s.MatchScoreCalculationService - Match ended
2026-07-30 19:45:54 INFO  i.g.a.t.s.MatchScoreCalculationService - Winner - ONE
2026-07-30 19:45:54 INFO  i.g.a.t.r.ActiveMatchRepository - Match with UUID - 74ec5fec-d36b-46fc-9717-d5c012be8b08 removed
2026-07-30 19:45:54 INFO  i.g.a.t.s.MatchScoreCalculationService - The tie-break is over. Set Winner: TWO
2026-07-30 19:45:54 INFO  i.g.a.t.s.MatchScoreCalculationService - Match ended
2026-07-30 19:45:54 INFO  i.g.a.t.s.MatchScoreCalculationService - Winner - TWO
2026-07-30 19:45:54 INFO  i.g.a.t.r.ActiveMatchRepository - Match with UUID - b7aa9dea-02fb-4d4e-9988-ab6237c2ad90 removed
2026-07-30 19:45:54 INFO  i.g.a.t.s.MatchScoreCalculationService - Game ended
2026-07-30 19:45:54 INFO  i.g.a.t.s.MatchScoreCalculationService - Game ended
2026-07-30 19:45:54 INFO  i.g.a.t.s.MatchScoreCalculationService - Resetting Opponent's Advantage
2026-07-30 19:45:54 INFO  i.g.a.t.s.MatchScoreCalculationService - Resetting Opponent's Advantage
2026-07-30 19:45:54 INFO  i.g.a.t.s.MatchScoreCalculationService - Game ended
2026-07-30 19:45:54 INFO  i.g.a.t.s.MatchScoreCalculationService - Set Completed
2026-07-30 19:45:54 INFO  i.g.a.t.s.MatchScoreCalculationService - Match ended
2026-07-30 19:45:54 INFO  i.g.a.t.s.MatchScoreCalculationService - Winner - ONE
2026-07-30 19:45:54 INFO  i.g.a.t.r.ActiveMatchRepository - Match with UUID - f4052e73-36d9-489e-b4d1-7eb424554518 removed
2026-07-30 19:45:54 INFO  i.g.a.t.s.MatchScoreCalculationService - Game ended
2026-07-30 19:45:54 INFO  i.g.a.t.s.MatchScoreCalculationService - Set Completed
2026-07-30 19:45:54 INFO  i.g.a.t.s.MatchScoreCalculationService - Match ended
2026-07-30 19:45:54 INFO  i.g.a.t.s.MatchScoreCalculationService - Winner - TWO
2026-07-30 19:45:54 INFO  i.g.a.t.r.ActiveMatchRepository - Match with UUID - 3ab5879f-4ff2-491c-93e4-229b48d1a2de removed
2026-07-30 19:45:54 INFO  i.g.a.t.s.MatchScoreCalculationService - Game ended
2026-07-30 19:45:54 INFO  i.g.a.t.s.MatchScoreCalculationService - Game ended
2026-07-30 19:45:54 INFO  i.g.a.t.s.MatchScoreCalculationService - Game ended
2026-07-30 19:45:54 INFO  i.g.a.t.s.MatchScoreCalculationService - Game ended
2026-07-30 19:45:54 INFO  i.g.a.t.s.MatchScoreCalculationService - Game ended
2026-07-30 19:45:54 INFO  i.g.a.t.s.MatchScoreCalculationService - Game ended
2026-07-30 19:45:54 INFO  i.g.a.t.s.MatchScoreCalculationService - The tie-break is over. Set Winner: ONE
2026-07-30 19:45:54 INFO  i.g.a.t.s.MatchScoreCalculationService - The tie-break is over. Set Winner: TWO
2026-07-30 19:45:54 INFO  i.g.a.t.s.MatchScoreCalculationService - The tie-break is over. Set Winner: ONE
2026-07-30 19:45:54 INFO  i.g.a.t.s.MatchScoreCalculationService - The tie-break is over. Set Winner: TWO
2026-07-30 19:45:54 INFO  i.g.a.t.s.MatchScoreCalculationService - Game ended
2026-07-30 19:45:54 INFO  i.g.a.t.s.MatchScoreCalculationService - Tie-break begins
2026-07-30 19:45:54 INFO  i.g.a.t.s.MatchScoreCalculationService - Game ended
2026-07-30 19:45:54 INFO  i.g.a.t.s.MatchScoreCalculationService - Tie-break begins
2026-07-30 19:45:54 INFO  i.g.a.t.s.MatchScoreCalculationService - Game ended
2026-07-30 19:45:54 INFO  i.g.a.t.s.MatchScoreCalculationService - Set Completed
2026-07-30 19:45:54 INFO  i.g.a.t.s.MatchScoreCalculationService - Match ended
2026-07-30 19:45:54 INFO  i.g.a.t.s.MatchScoreCalculationService - Winner - ONE
2026-07-30 19:45:54 INFO  i.g.a.t.r.ActiveMatchRepository - Match with UUID - a4f0df26-5c01-42aa-8720-56b8708f4302 removed
2026-07-30 19:45:54 INFO  i.g.a.t.s.MatchScoreCalculationService - Game ended
2026-07-30 19:45:54 INFO  i.g.a.t.s.MatchScoreCalculationService - Set Completed
2026-07-30 19:45:54 INFO  i.g.a.t.s.MatchScoreCalculationService - Match ended
2026-07-30 19:45:54 INFO  i.g.a.t.s.MatchScoreCalculationService - Winner - TWO
2026-07-30 19:45:54 INFO  i.g.a.t.r.ActiveMatchRepository - Match with UUID - a889fd7a-5ab6-4a1f-aeee-dba63fd95612 removed
2026-07-30 19:45:54 INFO  i.g.a.t.s.MatchScoreCalculationService - Game ended
2026-07-30 19:45:54 INFO  i.g.a.t.s.MatchScoreCalculationService - Set Completed
2026-07-30 19:45:54 INFO  i.g.a.t.s.MatchScoreCalculationService - Game ended
2026-07-30 19:45:54 INFO  i.g.a.t.s.MatchScoreCalculationService - Set Completed
2026-07-30 19:45:54 INFO  i.g.a.t.s.MatchScoreCalculationService - Game ended
2026-07-30 19:45:54 INFO  i.g.a.t.s.MatchScoreCalculationService - Game ended
2026-07-30 19:45:54 INFO  i.g.a.t.s.MatchScoreCalculationService - Game ended
2026-07-30 19:45:54 INFO  i.g.a.t.s.MatchScoreCalculationService - Game ended
2026-07-30 19:45:54 INFO  i.g.a.t.s.MatchScoreCalculationService - Set Completed
2026-07-30 19:45:54 INFO  org.hibernate.Version - HHH000412: Hibernate ORM core version 7.0.4.Final
2026-07-30 19:45:54 WARN  o.hibernate.orm.connections.pooling - HHH10001002: Using built-in connection pool (not intended for production use)
2026-07-30 19:45:54 WARN  org.hibernate.orm.deprecation - HHH90000025: H2Dialect does not need to be specified explicitly using 'hibernate.dialect' (remove the property setting and it will be selected by default)
2026-07-30 19:45:54 INFO  o.hibernate.orm.connections.pooling - HHH10001005: Database info:
	Database JDBC URL [jdbc:h2:mem:test_tennis_db;DB_CLOSE_DELAY=-1]
	Database driver: org.h2.Driver
	Database version: 2.4.240
	Autocommit mode: false
	Isolation level: undefined/unknown
	Pool: DriverManagerConnectionProviderImpl
	Minimum pool size: 1
	Maximum pool size: 20
2026-07-30 19:45:55 INFO  o.h.e.t.j.p.i.JtaPlatformInitiator - HHH000489: No JTA platform available (set 'hibernate.transaction.jta.platform' to enable JTA platform integration)
2026-07-30 19:45:55 INFO  o.hibernate.orm.connections.access - HHH10001501: Connection obtained from JdbcConnectionAccess [org.hibernate.engine.jdbc.env.internal.JdbcEnvironmentInitiator$ConnectionProviderJdbcConnectionAccess@5d68954d] for (non-JTA) DDL execution was not in auto-commit mode; the Connection 'local transaction' will be committed and the Connection will be set into auto-commit mode.
2026-07-30 19:45:55 INFO  o.hibernate.orm.connections.access - HHH10001501: Connection obtained from JdbcConnectionAccess [org.hibernate.engine.jdbc.env.internal.JdbcEnvironmentInitiator$ConnectionProviderJdbcConnectionAccess@26a33cf] for (non-JTA) DDL execution was not in auto-commit mode; the Connection 'local transaction' will be committed and the Connection will be set into auto-commit mode.
2026-07-30 19:45:55 INFO  o.hibernate.orm.connections.access - HHH10001501: Connection obtained from JdbcConnectionAccess [org.hibernate.engine.jdbc.env.internal.JdbcEnvironmentInitiator$ConnectionProviderJdbcConnectionAccess@362be0cd] for (non-JTA) DDL execution was not in auto-commit mode; the Connection 'local transaction' will be committed and the Connection will be set into auto-commit mode.
2026-07-30 19:45:55 INFO  i.g.a.t.r.ActiveMatchRepository - Match Sasha - Masha saved
2026-07-30 19:45:55 WARN  o.hibernate.orm.connections.pooling - HHH10001002: Using built-in connection pool (not intended for production use)
2026-07-30 19:45:55 WARN  org.hibernate.orm.deprecation - HHH90000025: H2Dialect does not need to be specified explicitly using 'hibernate.dialect' (remove the property setting and it will be selected by default)
2026-07-30 19:45:55 INFO  o.hibernate.orm.connections.pooling - HHH10001005: Database info:
	Database JDBC URL [jdbc:h2:mem:test_tennis_db;DB_CLOSE_DELAY=-1]
	Database driver: org.h2.Driver
	Database version: 2.4.240
	Autocommit mode: false
	Isolation level: undefined/unknown
	Pool: DriverManagerConnectionProviderImpl
	Minimum pool size: 1
	Maximum pool size: 20
2026-07-30 19:45:55 INFO  o.h.e.t.j.p.i.JtaPlatformInitiator - HHH000489: No JTA platform available (set 'hibernate.transaction.jta.platform' to enable JTA platform integration)
2026-07-30 19:45:55 INFO  o.hibernate.orm.connections.access - HHH10001501: Connection obtained from JdbcConnectionAccess [org.hibernate.engine.jdbc.env.internal.JdbcEnvironmentInitiator$ConnectionProviderJdbcConnectionAccess@6cd7dc74] for (non-JTA) DDL execution was not in auto-commit mode; the Connection 'local transaction' will be committed and the Connection will be set into auto-commit mode.
2026-07-30 19:45:55 INFO  o.hibernate.orm.connections.access - HHH10001501: Connection obtained from JdbcConnectionAccess [org.hibernate.engine.jdbc.env.internal.JdbcEnvironmentInitiator$ConnectionProviderJdbcConnectionAccess@6d695ec4] for (non-JTA) DDL execution was not in auto-commit mode; the Connection 'local transaction' will be committed and the Connection will be set into auto-commit mode.
2026-07-30 19:49:34 INFO  i.g.a.t.s.MatchScoreCalculationService - The tie-break is over. Set Winner: ONE
2026-07-30 19:49:34 INFO  i.g.a.t.s.MatchScoreCalculationService - Match ended
2026-07-30 19:49:34 INFO  i.g.a.t.s.MatchScoreCalculationService - Winner - ONE
2026-07-30 19:49:34 INFO  i.g.a.t.r.ActiveMatchRepository - Match with UUID - d0605a48-fe89-4254-b0e6-485025ac4fe8 removed
2026-07-30 19:49:34 INFO  i.g.a.t.s.MatchScoreCalculationService - The tie-break is over. Set Winner: TWO
2026-07-30 19:49:34 INFO  i.g.a.t.s.MatchScoreCalculationService - Match ended
2026-07-30 19:49:34 INFO  i.g.a.t.s.MatchScoreCalculationService - Winner - TWO
2026-07-30 19:49:34 INFO  i.g.a.t.r.ActiveMatchRepository - Match with UUID - 8f452fbc-db06-4094-bb3e-c4ddb8e96616 removed
2026-07-30 19:49:34 INFO  i.g.a.t.s.MatchScoreCalculationService - Game ended
2026-07-30 19:49:34 INFO  i.g.a.t.s.MatchScoreCalculationService - Game ended
2026-07-30 19:49:34 INFO  i.g.a.t.s.MatchScoreCalculationService - Resetting Opponent's Advantage
2026-07-30 19:49:34 INFO  i.g.a.t.s.MatchScoreCalculationService - Resetting Opponent's Advantage
2026-07-30 19:49:34 INFO  i.g.a.t.s.MatchScoreCalculationService - Game ended
2026-07-30 19:49:34 INFO  i.g.a.t.s.MatchScoreCalculationService - Set Completed
2026-07-30 19:49:34 INFO  i.g.a.t.s.MatchScoreCalculationService - Match ended
2026-07-30 19:49:34 INFO  i.g.a.t.s.MatchScoreCalculationService - Winner - ONE
2026-07-30 19:49:34 INFO  i.g.a.t.r.ActiveMatchRepository - Match with UUID - 81565775-041a-4c8f-8ff5-99e26cc11f25 removed
2026-07-30 19:49:34 INFO  i.g.a.t.s.MatchScoreCalculationService - Game ended
2026-07-30 19:49:34 INFO  i.g.a.t.s.MatchScoreCalculationService - Set Completed
2026-07-30 19:49:34 INFO  i.g.a.t.s.MatchScoreCalculationService - Match ended
2026-07-30 19:49:34 INFO  i.g.a.t.s.MatchScoreCalculationService - Winner - TWO
2026-07-30 19:49:34 INFO  i.g.a.t.r.ActiveMatchRepository - Match with UUID - ceaaf726-a170-4362-bc88-1c14a1f74f1d removed
2026-07-30 19:49:34 INFO  i.g.a.t.s.MatchScoreCalculationService - Game ended
2026-07-30 19:49:34 INFO  i.g.a.t.s.MatchScoreCalculationService - Game ended
2026-07-30 19:49:34 INFO  i.g.a.t.s.MatchScoreCalculationService - Game ended
2026-07-30 19:49:34 INFO  i.g.a.t.s.MatchScoreCalculationService - Game ended
2026-07-30 19:49:34 INFO  i.g.a.t.s.MatchScoreCalculationService - Game ended
2026-07-30 19:49:34 INFO  i.g.a.t.s.MatchScoreCalculationService - Game ended
2026-07-30 19:49:34 INFO  i.g.a.t.s.MatchScoreCalculationService - The tie-break is over. Set Winner: ONE
2026-07-30 19:49:34 INFO  i.g.a.t.s.MatchScoreCalculationService - The tie-break is over. Set Winner: TWO
2026-07-30 19:49:34 INFO  i.g.a.t.s.MatchScoreCalculationService - The tie-break is over. Set Winner: ONE
2026-07-30 19:49:34 INFO  i.g.a.t.s.MatchScoreCalculationService - The tie-break is over. Set Winner: TWO
2026-07-30 19:49:35 INFO  i.g.a.t.s.MatchScoreCalculationService - Game ended
2026-07-30 19:49:35 INFO  i.g.a.t.s.MatchScoreCalculationService - Tie-break begins
2026-07-30 19:49:35 INFO  i.g.a.t.s.MatchScoreCalculationService - Game ended
2026-07-30 19:49:35 INFO  i.g.a.t.s.MatchScoreCalculationService - Tie-break begins
2026-07-30 19:49:35 INFO  i.g.a.t.s.MatchScoreCalculationService - Game ended
2026-07-30 19:49:35 INFO  i.g.a.t.s.MatchScoreCalculationService - Set Completed
2026-07-30 19:49:35 INFO  i.g.a.t.s.MatchScoreCalculationService - Match ended
2026-07-30 19:49:35 INFO  i.g.a.t.s.MatchScoreCalculationService - Winner - ONE
2026-07-30 19:49:35 INFO  i.g.a.t.r.ActiveMatchRepository - Match with UUID - 650ed58e-0dc8-4eb7-9dd6-02b694c9dee6 removed
2026-07-30 19:49:35 INFO  i.g.a.t.s.MatchScoreCalculationService - Game ended
2026-07-30 19:49:35 INFO  i.g.a.t.s.MatchScoreCalculationService - Set Completed
2026-07-30 19:49:35 INFO  i.g.a.t.s.MatchScoreCalculationService - Match ended
2026-07-30 19:49:35 INFO  i.g.a.t.s.MatchScoreCalculationService - Winner - TWO
2026-07-30 19:49:35 INFO  i.g.a.t.r.ActiveMatchRepository - Match with UUID - b1573cb5-8957-4445-bedd-670d8087b57c removed
2026-07-30 19:49:35 INFO  i.g.a.t.s.MatchScoreCalculationService - Game ended
2026-07-30 19:49:35 INFO  i.g.a.t.s.MatchScoreCalculationService - Set Completed
2026-07-30 19:49:35 INFO  i.g.a.t.s.MatchScoreCalculationService - Game ended
2026-07-30 19:49:35 INFO  i.g.a.t.s.MatchScoreCalculationService - Set Completed
2026-07-30 19:49:35 INFO  i.g.a.t.s.MatchScoreCalculationService - Game ended
2026-07-30 19:49:35 INFO  i.g.a.t.s.MatchScoreCalculationService - Game ended
2026-07-30 19:49:35 INFO  i.g.a.t.s.MatchScoreCalculationService - Game ended
2026-07-30 19:49:35 INFO  i.g.a.t.s.MatchScoreCalculationService - Game ended
2026-07-30 19:49:35 INFO  i.g.a.t.s.MatchScoreCalculationService - Set Completed
2026-07-30 19:49:35 INFO  org.hibernate.Version - HHH000412: Hibernate ORM core version 7.0.4.Final
2026-07-30 19:49:35 WARN  o.hibernate.orm.connections.pooling - HHH10001002: Using built-in connection pool (not intended for production use)
2026-07-30 19:49:35 WARN  org.hibernate.orm.deprecation - HHH90000025: H2Dialect does not need to be specified explicitly using 'hibernate.dialect' (remove the property setting and it will be selected by default)
2026-07-30 19:49:35 INFO  o.hibernate.orm.connections.pooling - HHH10001005: Database info:
	Database JDBC URL [jdbc:h2:mem:test_tennis_db;DB_CLOSE_DELAY=-1]
	Database driver: org.h2.Driver
	Database version: 2.4.240
	Autocommit mode: false
	Isolation level: undefined/unknown
	Pool: DriverManagerConnectionProviderImpl
	Minimum pool size: 1
	Maximum pool size: 20
2026-07-30 19:49:35 INFO  o.hibernate.orm.connections.access - HHH10001501: Connection obtained from JdbcConnectionAccess [org.hibernate.engine.jdbc.env.internal.JdbcEnvironmentInitiator$ConnectionProviderJdbcConnectionAccess@5b5b9521] for (non-JTA) DDL execution was not in auto-commit mode; the Connection 'local transaction' will be committed and the Connection will be set into auto-commit mode.
2026-07-30 19:49:35 INFO  o.hibernate.orm.connections.access - HHH10001501: Connection obtained from JdbcConnectionAccess [org.hibernate.engine.jdbc.env.internal.JdbcEnvironmentInitiator$ConnectionProviderJdbcConnectionAccess@ba0018e] for (non-JTA) DDL execution was not in auto-commit mode; the Connection 'local transaction' will be committed and the Connection will be set into auto-commit mode.
2026-07-30 19:49:36 INFO  i.g.a.t.service.PlayerService - Player Иван is saved in the database!
2026-07-30 19:49:36 INFO  i.g.a.t.service.PlayerService - Player Мария is saved in the database!
2026-07-30 19:49:36 INFO  i.g.a.t.service.PlayerService - Player Мария already exists in the database!
2026-07-30 19:49:36 INFO  o.hibernate.orm.connections.access - HHH10001501: Connection obtained from JdbcConnectionAccess [org.hibernate.engine.jdbc.env.internal.JdbcEnvironmentInitiator$ConnectionProviderJdbcConnectionAccess@7a023e34] for (non-JTA) DDL execution was not in auto-commit mode; the Connection 'local transaction' will be committed and the Connection will be set into auto-commit mode.
2026-07-30 19:49:36 INFO  i.g.a.t.r.ActiveMatchRepository - Match Sasha - Masha saved
2026-07-30 19:49:36 WARN  o.hibernate.orm.connections.pooling - HHH10001002: Using built-in connection pool (not intended for production use)
2026-07-30 19:49:36 WARN  org.hibernate.orm.deprecation - HHH90000025: H2Dialect does not need to be specified explicitly using 'hibernate.dialect' (remove the property setting and it will be selected by default)
2026-07-30 19:49:36 INFO  o.hibernate.orm.connections.pooling - HHH10001005: Database info:
	Database JDBC URL [jdbc:h2:mem:test_tennis_db;DB_CLOSE_DELAY=-1]
	Database driver: org.h2.Driver
	Database version: 2.4.240
	Autocommit mode: false
	Isolation level: undefined/unknown
	Pool: DriverManagerConnectionProviderImpl
	Minimum pool size: 1
	Maximum pool size: 20
2026-07-30 19:49:36 INFO  o.h.e.t.j.p.i.JtaPlatformInitiator - HHH000489: No JTA platform available (set 'hibernate.transaction.jta.platform' to enable JTA platform integration)
2026-07-30 19:49:36 INFO  o.hibernate.orm.connections.access - HHH10001501: Connection obtained from JdbcConnectionAccess [org.hibernate.engine.jdbc.env.internal.JdbcEnvironmentInitiator$ConnectionProviderJdbcConnectionAccess@5352bc0e] for (non-JTA) DDL execution was not in auto-commit mode; the Connection 'local transaction' will be committed and the Connection will be set into auto-commit mode.
2026-07-30 19:49:36 INFO  o.hibernate.orm.connections.access - HHH10001501: Connection obtained from JdbcConnectionAccess [org.hibernate.engine.jdbc.env.internal.JdbcEnvironmentInitiator$ConnectionProviderJdbcConnectionAccess@49b73e6c] for (non-JTA) DDL execution was not in auto-commit mode; the Connection 'local transaction' will be committed and the Connection will be set into auto-commit mode.
2026-07-30 19:50:15 INFO  i.g.a.t.s.MatchScoreCalculationService - The tie-break is over. Set Winner: ONE
2026-07-30 19:50:15 INFO  i.g.a.t.s.MatchScoreCalculationService - Match ended
2026-07-30 19:50:15 INFO  i.g.a.t.s.MatchScoreCalculationService - Winner - ONE
2026-07-30 19:50:15 INFO  i.g.a.t.r.ActiveMatchRepository - Match with UUID - 395531ab-49f6-4f19-b56e-8b05f1881b1a removed
2026-07-30 19:50:15 INFO  i.g.a.t.s.MatchScoreCalculationService - The tie-break is over. Set Winner: TWO
2026-07-30 19:50:15 INFO  i.g.a.t.s.MatchScoreCalculationService - Match ended
2026-07-30 19:50:15 INFO  i.g.a.t.s.MatchScoreCalculationService - Winner - TWO
2026-07-30 19:50:15 INFO  i.g.a.t.r.ActiveMatchRepository - Match with UUID - ee3cd03a-c22c-4421-a15f-24b6dd2c9d21 removed
2026-07-30 19:50:15 INFO  i.g.a.t.s.MatchScoreCalculationService - Game ended
2026-07-30 19:50:15 INFO  i.g.a.t.s.MatchScoreCalculationService - Game ended
2026-07-30 19:50:15 INFO  i.g.a.t.s.MatchScoreCalculationService - Resetting Opponent's Advantage
2026-07-30 19:50:15 INFO  i.g.a.t.s.MatchScoreCalculationService - Resetting Opponent's Advantage
2026-07-30 19:50:15 INFO  i.g.a.t.s.MatchScoreCalculationService - Game ended
2026-07-30 19:50:15 INFO  i.g.a.t.s.MatchScoreCalculationService - Set Completed
2026-07-30 19:50:15 INFO  i.g.a.t.s.MatchScoreCalculationService - Match ended
2026-07-30 19:50:15 INFO  i.g.a.t.s.MatchScoreCalculationService - Winner - ONE
2026-07-30 19:50:15 INFO  i.g.a.t.r.ActiveMatchRepository - Match with UUID - 1d977de8-e0ab-4d8b-899e-7aae2a900a9b removed
2026-07-30 19:50:15 INFO  i.g.a.t.s.MatchScoreCalculationService - Game ended
2026-07-30 19:50:15 INFO  i.g.a.t.s.MatchScoreCalculationService - Set Completed
2026-07-30 19:50:15 INFO  i.g.a.t.s.MatchScoreCalculationService - Match ended
2026-07-30 19:50:15 INFO  i.g.a.t.s.MatchScoreCalculationService - Winner - TWO
2026-07-30 19:50:15 INFO  i.g.a.t.r.ActiveMatchRepository - Match with UUID - 85ac3900-de03-4e5c-966d-3fc3799237a2 removed
2026-07-30 19:50:15 INFO  i.g.a.t.s.MatchScoreCalculationService - Game ended
2026-07-30 19:50:15 INFO  i.g.a.t.s.MatchScoreCalculationService - Game ended
2026-07-30 19:50:15 INFO  i.g.a.t.s.MatchScoreCalculationService - Game ended
2026-07-30 19:50:15 INFO  i.g.a.t.s.MatchScoreCalculationService - Game ended
2026-07-30 19:50:15 INFO  i.g.a.t.s.MatchScoreCalculationService - Game ended
2026-07-30 19:50:15 INFO  i.g.a.t.s.MatchScoreCalculationService - Game ended
2026-07-30 19:50:15 INFO  i.g.a.t.s.MatchScoreCalculationService - The tie-break is over. Set Winner: ONE
2026-07-30 19:50:15 INFO  i.g.a.t.s.MatchScoreCalculationService - The tie-break is over. Set Winner: TWO
2026-07-30 19:50:15 INFO  i.g.a.t.s.MatchScoreCalculationService - The tie-break is over. Set Winner: ONE
2026-07-30 19:50:15 INFO  i.g.a.t.s.MatchScoreCalculationService - The tie-break is over. Set Winner: TWO
2026-07-30 19:50:15 INFO  i.g.a.t.s.MatchScoreCalculationService - Game ended
2026-07-30 19:50:15 INFO  i.g.a.t.s.MatchScoreCalculationService - Tie-break begins
2026-07-30 19:50:15 INFO  i.g.a.t.s.MatchScoreCalculationService - Game ended
2026-07-30 19:50:15 INFO  i.g.a.t.s.MatchScoreCalculationService - Tie-break begins
2026-07-30 19:50:15 INFO  i.g.a.t.s.MatchScoreCalculationService - Game ended
2026-07-30 19:50:15 INFO  i.g.a.t.s.MatchScoreCalculationService - Set Completed
2026-07-30 19:50:15 INFO  i.g.a.t.s.MatchScoreCalculationService - Match ended
2026-07-30 19:50:15 INFO  i.g.a.t.s.MatchScoreCalculationService - Winner - ONE
2026-07-30 19:50:15 INFO  i.g.a.t.r.ActiveMatchRepository - Match with UUID - 3e787df3-a9dd-449f-a693-b953d36513d9 removed
2026-07-30 19:50:15 INFO  i.g.a.t.s.MatchScoreCalculationService - Game ended
2026-07-30 19:50:15 INFO  i.g.a.t.s.MatchScoreCalculationService - Set Completed
2026-07-30 19:50:15 INFO  i.g.a.t.s.MatchScoreCalculationService - Match ended
2026-07-30 19:50:15 INFO  i.g.a.t.s.MatchScoreCalculationService - Winner - TWO
2026-07-30 19:50:15 INFO  i.g.a.t.r.ActiveMatchRepository - Match with UUID - 4d7553fe-137b-419e-9325-686bee302746 removed
2026-07-30 19:50:15 INFO  i.g.a.t.s.MatchScoreCalculationService - Game ended
2026-07-30 19:50:15 INFO  i.g.a.t.s.MatchScoreCalculationService - Set Completed
2026-07-30 19:50:15 INFO  i.g.a.t.s.MatchScoreCalculationService - Game ended
2026-07-30 19:50:15 INFO  i.g.a.t.s.MatchScoreCalculationService - Set Completed
2026-07-30 19:50:15 INFO  i.g.a.t.s.MatchScoreCalculationService - Game ended
2026-07-30 19:50:15 INFO  i.g.a.t.s.MatchScoreCalculationService - Game ended
2026-07-30 19:50:15 INFO  i.g.a.t.s.MatchScoreCalculationService - Game ended
2026-07-30 19:50:15 INFO  i.g.a.t.s.MatchScoreCalculationService - Game ended
2026-07-30 19:50:15 INFO  i.g.a.t.s.MatchScoreCalculationService - Set Completed
2026-07-30 19:50:15 INFO  org.hibernate.Version - HHH000412: Hibernate ORM core version 7.0.4.Final
2026-07-30 19:50:15 WARN  o.hibernate.orm.connections.pooling - HHH10001002: Using built-in connection pool (not intended for production use)
2026-07-30 19:50:15 WARN  org.hibernate.orm.deprecation - HHH90000025: H2Dialect does not need to be specified explicitly using 'hibernate.dialect' (remove the property setting and it will be selected by default)
2026-07-30 19:50:15 INFO  o.hibernate.orm.connections.pooling - HHH10001005: Database info:
	Database JDBC URL [jdbc:h2:mem:test_tennis_db;DB_CLOSE_DELAY=-1]
	Database driver: org.h2.Driver
	Database version: 2.4.240
	Autocommit mode: false
	Isolation level: undefined/unknown
	Pool: DriverManagerConnectionProviderImpl
	Minimum pool size: 1
	Maximum pool size: 20
2026-07-30 19:50:16 INFO  o.hibernate.orm.connections.access - HHH10001501: Connection obtained from JdbcConnectionAccess [org.hibernate.engine.jdbc.env.internal.JdbcEnvironmentInitiator$ConnectionProviderJdbcConnectionAccess@6cc90398] for (non-JTA) DDL execution was not in auto-commit mode; the Connection 'local transaction' will be committed and the Connection will be set into auto-commit mode.
2026-07-30 19:50:16 INFO  o.hibernate.orm.connections.access - HHH10001501: Connection obtained from JdbcConnectionAccess [org.hibernate.engine.jdbc.env.internal.JdbcEnvironmentInitiator$ConnectionProviderJdbcConnectionAccess@f237ae7] for (non-JTA) DDL execution was not in auto-commit mode; the Connection 'local transaction' will be committed and the Connection will be set into auto-commit mode.
2026-07-30 19:50:16 INFO  i.g.a.t.service.PlayerService - Player Иван is saved in the database!
2026-07-30 19:50:16 INFO  i.g.a.t.service.PlayerService - Player Мария is saved in the database!
2026-07-30 19:50:16 INFO  i.g.a.t.service.PlayerService - Player Мария already exists in the database!
2026-07-30 19:50:16 INFO  o.hibernate.orm.connections.access - HHH10001501: Connection obtained from JdbcConnectionAccess [org.hibernate.engine.jdbc.env.internal.JdbcEnvironmentInitiator$ConnectionProviderJdbcConnectionAccess@7f9b851c] for (non-JTA) DDL execution was not in auto-commit mode; the Connection 'local transaction' will be committed and the Connection will be set into auto-commit mode.
2026-07-30 19:50:16 INFO  i.g.a.t.r.ActiveMatchRepository - Match Sasha - Masha saved
2026-07-30 19:50:17 WARN  o.hibernate.orm.connections.pooling - HHH10001002: Using built-in connection pool (not intended for production use)
2026-07-30 19:50:17 WARN  org.hibernate.orm.deprecation - HHH90000025: H2Dialect does not need to be specified explicitly using 'hibernate.dialect' (remove the property setting and it will be selected by default)
2026-07-30 19:50:17 INFO  o.hibernate.orm.connections.pooling - HHH10001005: Database info:
	Database JDBC URL [jdbc:h2:mem:test_tennis_db;DB_CLOSE_DELAY=-1]
	Database driver: org.h2.Driver
	Database version: 2.4.240
	Autocommit mode: false
	Isolation level: undefined/unknown
	Pool: DriverManagerConnectionProviderImpl
	Minimum pool size: 1
	Maximum pool size: 20
2026-07-30 19:50:17 INFO  o.hibernate.orm.connections.access - HHH10001501: Connection obtained from JdbcConnectionAccess [org.hibernate.engine.jdbc.env.internal.JdbcEnvironmentInitiator$ConnectionProviderJdbcConnectionAccess@702ab027] for (non-JTA) DDL execution was not in auto-commit mode; the Connection 'local transaction' will be committed and the Connection will be set into auto-commit mode.
2026-07-30 19:50:17 INFO  o.hibernate.orm.connections.access - HHH10001501: Connection obtained from JdbcConnectionAccess [org.hibernate.engine.jdbc.env.internal.JdbcEnvironmentInitiator$ConnectionProviderJdbcConnectionAccess@62d5617] for (non-JTA) DDL execution was not in auto-commit mode; the Connection 'local transaction' will be committed and the Connection will be set into auto-commit mode.
2026-07-30 19:50:17 INFO  i.g.a.t.service.PlayerService - Player Sasha is saved in the database!
2026-07-30 19:50:17 INFO  i.g.a.t.service.PlayerService - Player Masha is saved in the database!
2026-07-30 19:50:17 INFO  i.g.a.t.s.FinishedMatchesPersistenceService - Матч 11557e90-5bf5-4008-b3d0-5704ff98743b сохранен
2026-07-30 20:28:57 INFO  i.g.a.t.s.MatchScoreCalculationService - The tie-break is over. Set Winner: ONE
2026-07-30 20:28:57 INFO  i.g.a.t.s.MatchScoreCalculationService - Match ended
2026-07-30 20:28:57 INFO  i.g.a.t.s.MatchScoreCalculationService - Winner - ONE
2026-07-30 20:28:57 INFO  i.g.a.t.r.ActiveMatchRepository - Match with UUID - d34a780c-b3b9-4383-9431-b0cf9210f26d removed
2026-07-30 20:28:57 INFO  i.g.a.t.s.MatchScoreCalculationService - The tie-break is over. Set Winner: TWO
2026-07-30 20:28:57 INFO  i.g.a.t.s.MatchScoreCalculationService - Match ended
2026-07-30 20:28:57 INFO  i.g.a.t.s.MatchScoreCalculationService - Winner - TWO
2026-07-30 20:28:57 INFO  i.g.a.t.r.ActiveMatchRepository - Match with UUID - fa9a0991-b56c-4e7f-9111-2cf8a2492a33 removed
2026-07-30 20:28:57 INFO  i.g.a.t.s.MatchScoreCalculationService - Game ended
2026-07-30 20:28:57 INFO  i.g.a.t.s.MatchScoreCalculationService - Game ended
2026-07-30 20:28:57 INFO  i.g.a.t.s.MatchScoreCalculationService - Resetting Opponent's Advantage
2026-07-30 20:28:57 INFO  i.g.a.t.s.MatchScoreCalculationService - Resetting Opponent's Advantage
2026-07-30 20:28:57 INFO  i.g.a.t.s.MatchScoreCalculationService - Game ended
2026-07-30 20:28:57 INFO  i.g.a.t.s.MatchScoreCalculationService - Set Completed
2026-07-30 20:28:57 INFO  i.g.a.t.s.MatchScoreCalculationService - Match ended
2026-07-30 20:28:57 INFO  i.g.a.t.s.MatchScoreCalculationService - Winner - ONE
2026-07-30 20:28:57 INFO  i.g.a.t.r.ActiveMatchRepository - Match with UUID - d4b30aa6-0c51-4f18-89f3-e1a5f8f00c40 removed
2026-07-30 20:28:57 INFO  i.g.a.t.s.MatchScoreCalculationService - Game ended
2026-07-30 20:28:57 INFO  i.g.a.t.s.MatchScoreCalculationService - Set Completed
2026-07-30 20:28:57 INFO  i.g.a.t.s.MatchScoreCalculationService - Match ended
2026-07-30 20:28:57 INFO  i.g.a.t.s.MatchScoreCalculationService - Winner - TWO
2026-07-30 20:28:57 INFO  i.g.a.t.r.ActiveMatchRepository - Match with UUID - 0e97f77f-eaee-4097-bd9d-6e9aeef714f4 removed
2026-07-30 20:28:57 INFO  i.g.a.t.s.MatchScoreCalculationService - Game ended
2026-07-30 20:28:57 INFO  i.g.a.t.s.MatchScoreCalculationService - Game ended
2026-07-30 20:28:57 INFO  i.g.a.t.s.MatchScoreCalculationService - Game ended
2026-07-30 20:28:57 INFO  i.g.a.t.s.MatchScoreCalculationService - Game ended
2026-07-30 20:28:57 INFO  i.g.a.t.s.MatchScoreCalculationService - Game ended
2026-07-30 20:28:57 INFO  i.g.a.t.s.MatchScoreCalculationService - Game ended
2026-07-30 20:28:57 INFO  i.g.a.t.s.MatchScoreCalculationService - The tie-break is over. Set Winner: ONE
2026-07-30 20:28:57 INFO  i.g.a.t.s.MatchScoreCalculationService - The tie-break is over. Set Winner: TWO
2026-07-30 20:28:57 INFO  i.g.a.t.s.MatchScoreCalculationService - The tie-break is over. Set Winner: ONE
2026-07-30 20:28:57 INFO  i.g.a.t.s.MatchScoreCalculationService - The tie-break is over. Set Winner: TWO
2026-07-30 20:28:57 INFO  i.g.a.t.s.MatchScoreCalculationService - Game ended
2026-07-30 20:28:57 INFO  i.g.a.t.s.MatchScoreCalculationService - Tie-break begins
2026-07-30 20:28:57 INFO  i.g.a.t.s.MatchScoreCalculationService - Game ended
2026-07-30 20:28:57 INFO  i.g.a.t.s.MatchScoreCalculationService - Tie-break begins
2026-07-30 20:28:57 INFO  i.g.a.t.s.MatchScoreCalculationService - Game ended
2026-07-30 20:28:57 INFO  i.g.a.t.s.MatchScoreCalculationService - Set Completed
2026-07-30 20:28:57 INFO  i.g.a.t.s.MatchScoreCalculationService - Match ended
2026-07-30 20:28:57 INFO  i.g.a.t.s.MatchScoreCalculationService - Winner - ONE
2026-07-30 20:28:57 INFO  i.g.a.t.r.ActiveMatchRepository - Match with UUID - af292f02-7768-4efe-a721-4362991564fa removed
2026-07-30 20:28:57 INFO  i.g.a.t.s.MatchScoreCalculationService - Game ended
2026-07-30 20:28:57 INFO  i.g.a.t.s.MatchScoreCalculationService - Set Completed
2026-07-30 20:28:57 INFO  i.g.a.t.s.MatchScoreCalculationService - Match ended
2026-07-30 20:28:57 INFO  i.g.a.t.s.MatchScoreCalculationService - Winner - TWO
2026-07-30 20:28:57 INFO  i.g.a.t.r.ActiveMatchRepository - Match with UUID - 49eb07e6-3d6a-4c88-a4c4-f3f2eeb2cd07 removed
2026-07-30 20:28:57 INFO  i.g.a.t.s.MatchScoreCalculationService - Game ended
2026-07-30 20:28:57 INFO  i.g.a.t.s.MatchScoreCalculationService - Set Completed
2026-07-30 20:28:57 INFO  i.g.a.t.s.MatchScoreCalculationService - Game ended
2026-07-30 20:28:57 INFO  i.g.a.t.s.MatchScoreCalculationService - Set Completed
2026-07-30 20:28:57 INFO  i.g.a.t.s.MatchScoreCalculationService - Game ended
2026-07-30 20:28:57 INFO  i.g.a.t.s.MatchScoreCalculationService - Game ended
2026-07-30 20:28:57 INFO  i.g.a.t.s.MatchScoreCalculationService - Game ended
2026-07-30 20:28:57 INFO  i.g.a.t.s.MatchScoreCalculationService - Game ended
2026-07-30 20:28:57 INFO  i.g.a.t.s.MatchScoreCalculationService - Set Completed
2026-07-30 20:28:57 INFO  org.hibernate.Version - HHH000412: Hibernate ORM core version 7.0.4.Final
2026-07-30 20:28:58 WARN  o.hibernate.orm.connections.pooling - HHH10001002: Using built-in connection pool (not intended for production use)
2026-07-30 20:28:58 WARN  org.hibernate.orm.deprecation - HHH90000025: H2Dialect does not need to be specified explicitly using 'hibernate.dialect' (remove the property setting and it will be selected by default)
2026-07-30 20:28:58 INFO  o.hibernate.orm.connections.pooling - HHH10001005: Database info:
	Database JDBC URL [jdbc:h2:mem:test_tennis_db;DB_CLOSE_DELAY=-1]
	Database driver: org.h2.Driver
	Database version: 2.4.240
	Autocommit mode: false
	Isolation level: undefined/unknown
	Pool: DriverManagerConnectionProviderImpl
	Minimum pool size: 1
	Maximum pool size: 20
2026-07-30 20:28:58 INFO  o.hibernate.orm.connections.access - HHH10001501: Connection obtained from JdbcConnectionAccess [org.hibernate.engine.jdbc.env.internal.JdbcEnvironmentInitiator$ConnectionProviderJdbcConnectionAccess@4cef0747] for (non-JTA) DDL execution was not in auto-commit mode; the Connection 'local transaction' will be committed and the Connection will be set into auto-commit mode.
2026-07-30 20:28:58 INFO  o.hibernate.orm.connections.access - HHH10001501: Connection obtained from JdbcConnectionAccess [org.hibernate.engine.jdbc.env.internal.JdbcEnvironmentInitiator$ConnectionProviderJdbcConnectionAccess@30bd39d5] for (non-JTA) DDL execution was not in auto-commit mode; the Connection 'local transaction' will be committed and the Connection will be set into auto-commit mode.
2026-07-30 20:28:59 INFO  i.g.a.t.service.PlayerService - Player Иван is saved in the database!
2026-07-30 20:28:59 INFO  i.g.a.t.service.PlayerService - Player Мария is saved in the database!
2026-07-30 20:28:59 INFO  i.g.a.t.service.PlayerService - Player Мария already exists in the database!
2026-07-30 20:28:59 INFO  o.hibernate.orm.connections.access - HHH10001501: Connection obtained from JdbcConnectionAccess [org.hibernate.engine.jdbc.env.internal.JdbcEnvironmentInitiator$ConnectionProviderJdbcConnectionAccess@6f9b5f01] for (non-JTA) DDL execution was not in auto-commit mode; the Connection 'local transaction' will be committed and the Connection will be set into auto-commit mode.
2026-07-30 20:28:59 INFO  i.g.a.t.r.ActiveMatchRepository - Match Sasha - Masha saved
2026-07-30 20:28:59 WARN  o.hibernate.orm.connections.pooling - HHH10001002: Using built-in connection pool (not intended for production use)
2026-07-30 20:28:59 WARN  org.hibernate.orm.deprecation - HHH90000025: H2Dialect does not need to be specified explicitly using 'hibernate.dialect' (remove the property setting and it will be selected by default)
2026-07-30 20:28:59 INFO  o.hibernate.orm.connections.pooling - HHH10001005: Database info:
	Database JDBC URL [jdbc:h2:mem:test_tennis_db;DB_CLOSE_DELAY=-1]
	Database driver: org.h2.Driver
	Database version: 2.4.240
	Autocommit mode: false
	Isolation level: undefined/unknown
	Pool: DriverManagerConnectionProviderImpl
	Minimum pool size: 1
	Maximum pool size: 20
2026-07-30 20:28:59 INFO  o.hibernate.orm.connections.access - HHH10001501: Connection obtained from JdbcConnectionAccess [org.hibernate.engine.jdbc.env.internal.JdbcEnvironmentInitiator$ConnectionProviderJdbcConnectionAccess@7e0393df] for (non-JTA) DDL execution was not in auto-commit mode; the Connection 'local transaction' will be committed and the Connection will be set into auto-commit mode.
2026-07-30 20:28:59 INFO  o.hibernate.orm.connections.access - HHH10001501: Connection obtained from JdbcConnectionAccess [org.hibernate.engine.jdbc.env.internal.JdbcEnvironmentInitiator$ConnectionProviderJdbcConnectionAccess@62b2bc2e] for (non-JTA) DDL execution was not in auto-commit mode; the Connection 'local transaction' will be committed and the Connection will be set into auto-commit mode.
2026-07-30 20:28:59 INFO  i.g.a.t.service.PlayerService - Player Sasha is saved in the database!
2026-07-30 20:28:59 INFO  i.g.a.t.service.PlayerService - Player Masha is saved in the database!
2026-07-30 20:28:59 INFO  i.g.a.t.s.FinishedMatchesPersistenceService - Матч ee1f08fb-db7d-4f90-9a65-4480aa6076b4 сохранен
